2026-05-06 10:01:05.581 [info] Reading sessions from keychain...
2026-05-06 10:01:05.581 [info] Getting sessions for all scopes...
2026-05-06 10:01:05.594 [info] Got stored sessions!
2026-05-06 10:01:05.594 [info] Got 1 verified sessions.
2026-05-06 10:01:05.594 [info] Got 1 sessions for ...
2026-05-06 10:01:05.594 [info] Getting sessions for all scopes...
2026-05-06 10:01:05.594 [info] Got 1 sessions for ...
2026-05-06 10:01:05.596 [info] Getting sessions for all scopes...
2026-05-06 10:01:05.596 [info] Got 1 sessions for ...
2026-05-06 10:01:05.726 [info] Getting sessions for all scopes...
2026-05-06 10:01:05.726 [info] Got 1 sessions for ...
2026-05-06 10:01:07.482 [info] Getting sessions for all scopes...
2026-05-06 10:01:07.482 [info] Got 1 sessions for ...
2026-05-06 10:01:07.617 [info] Getting sessions for all scopes...
2026-05-06 10:01:07.617 [info] Got 1 sessions for ...
2026-05-06 10:01:07.618 [info] Getting sessions for all scopes...
2026-05-06 10:01:07.618 [info] Got 1 sessions for ...
2026-05-06 10:01:07.750 [info] Getting sessions for all scopes...
2026-05-06 10:01:07.750 [info] Got 1 sessions for ...
2026-05-06 10:01:07.781 [info] Getting sessions for read:user,repo,user:email,workflow...
2026-05-06 10:01:07.782 [info] Got 1 sessions for read:user,repo,user:email,workflow...
2026-05-06 10:01:08.373 [info] Getting sessions for all scopes...
2026-05-06 10:01:08.373 [info] Got 1 sessions for ...
2026-05-06 10:01:08.373 [info] Getting sessions for all scopes...
2026-05-06 10:01:08.373 [info] Got 1 sessions for ...
2026-05-06 10:01:08.374 [info] Getting sessions for read:user,repo,user:email,workflow...
2026-05-06 10:01:08.374 [info] Got 1 sessions for read:user,repo,user:email,workflow...
2026-05-06 10:01:08.505 [info] Getting sessions for all scopes...
2026-05-06 10:01:08.505 [info] Got 1 sessions for ...
2026-05-06 10:01:08.519 [info] Getting sessions for all scopes...
2026-05-06 10:01:08.519 [info] Got 1 sessions for ...
2026-05-06 10:01:08.521 [info] Getting sessions for read:user,repo,user:email,workflow...
2026-05-06 10:01:08.521 [info] Got 1 sessions for read:user,repo,user:email,workflow...
2026-05-06 10:01:08.577 [info] Getting sessions for all scopes...
2026-05-06 10:01:08.577 [info] Got 1 sessions for ...
2026-05-06 10:01:08.579 [info] Getting sessions for all scopes...
2026-05-06 10:01:08.579 [info] Got 1 sessions for ...
2026-05-06 10:01:08.757 [info] Getting sessions for all scopes...
2026-05-06 10:01:08.757 [info] Got 1 sessions for ...
2026-05-06 10:01:08.758 [info] Getting sessions for read:user,repo,user:email,workflow...
2026-05-06 10:01:08.758 [info] Got 1 sessions for read:user,repo,user:email,workflow...
2026-05-06 10:01:08.993 [info] Getting sessions for all scopes...
2026-05-06 10:01:08.993 [info] Got 1 sessions for ...
2026-05-06 10:01:08.995 [info] Getting sessions for read:user,repo,user:email,workflow...
2026-05-06 10:01:08.995 [info] Got 1 sessions for read:user,repo,user:email,workflow...
2026-05-06 10:01:09.988 [info] Getting sessions for all scopes...
2026-05-06 10:01:09.988 [info] Got 1 sessions for ...
2026-05-06 10:01:09.995 [info] Getting sessions for read:user,repo,user:email,workflow...
2026-05-06 10:01:09.995 [info] Got 1 sessions for read:user,repo,user:email,workflow...
2026-05-06 10:01:14.671 [info] Getting sessions for all scopes...
2026-05-06 10:01:14.671 [info] Got 1 sessions for ...
2026-05-06 10:01:14.672 [info] Getting sessions for all scopes...
2026-05-06 10:01:14.672 [info] Got 1 sessions for ...
2026-05-06 10:01:19.609 [info] Getting sessions for all scopes...
2026-05-06 10:01:19.609 [info] Got 1 sessions for ...
2026-05-06 10:01:19.609 [info] Getting sessions for all scopes...
2026-05-06 10:01:19.610 [info] Got 1 sessions for ...
2026-05-06 10:01:20.160 [info] Getting sessions for all scopes...
2026-05-06 10:01:20.161 [info] Got 1 sessions for ...
2026-05-06 10:01:20.161 [info] Getting sessions for all scopes...
2026-05-06 10:01:20.161 [info] Got 1 sessions for ...
