2026-05-05 17:17:36.021 [info] Reading sessions from keychain...
2026-05-05 17:17:36.021 [info] Getting sessions for all scopes...
2026-05-05 17:17:36.104 [info] Got stored sessions!
2026-05-05 17:17:36.104 [info] Got 1 verified sessions.
2026-05-05 17:17:36.104 [info] Got 1 sessions for ...
2026-05-05 17:17:36.104 [info] Getting sessions for all scopes...
2026-05-05 17:17:36.104 [info] Got 1 sessions for ...
2026-05-05 17:17:36.175 [info] Getting sessions for all scopes...
2026-05-05 17:17:36.175 [info] Got 1 sessions for ...
2026-05-05 17:17:36.298 [info] Getting sessions for all scopes...
2026-05-05 17:17:36.298 [info] Got 1 sessions for ...
2026-05-05 17:17:38.173 [info] Getting sessions for all scopes...
2026-05-05 17:17:38.173 [info] Got 1 sessions for ...
2026-05-05 17:17:38.327 [info] Getting sessions for all scopes...
2026-05-05 17:17:38.327 [info] Got 1 sessions for ...
2026-05-05 17:17:38.327 [info] Getting sessions for all scopes...
2026-05-05 17:17:38.327 [info] Got 1 sessions for ...
2026-05-05 17:17:38.548 [info] Getting sessions for all scopes...
2026-05-05 17:17:38.548 [info] Got 1 sessions for ...
2026-05-05 17:17:38.657 [info] Getting sessions for read:user,repo,user:email,workflow...
2026-05-05 17:17:38.657 [info] Got 1 sessions for read:user,repo,user:email,workflow...
2026-05-05 17:17:39.328 [info] Getting sessions for all scopes...
2026-05-05 17:17:39.329 [info] Got 1 sessions for ...
2026-05-05 17:17:39.329 [info] Getting sessions for all scopes...
2026-05-05 17:17:39.329 [info] Got 1 sessions for ...
2026-05-05 17:17:39.381 [info] Getting sessions for read:user,repo,user:email,workflow...
2026-05-05 17:17:39.381 [info] Got 1 sessions for read:user,repo,user:email,workflow...
2026-05-05 17:17:39.845 [info] Getting sessions for all scopes...
2026-05-05 17:17:39.845 [info] Got 1 sessions for ...
2026-05-05 17:17:39.848 [info] Getting sessions for all scopes...
2026-05-05 17:17:39.848 [info] Got 1 sessions for ...
2026-05-05 17:17:39.871 [info] Getting sessions for read:user,repo,user:email,workflow...
2026-05-05 17:17:39.871 [info] Got 1 sessions for read:user,repo,user:email,workflow...
2026-05-05 17:17:39.940 [info] Getting sessions for all scopes...
2026-05-05 17:17:39.940 [info] Got 1 sessions for ...
2026-05-05 17:17:39.941 [info] Getting sessions for all scopes...
2026-05-05 17:17:39.941 [info] Got 1 sessions for ...
2026-05-05 17:17:40.069 [info] Getting sessions for all scopes...
2026-05-05 17:17:40.069 [info] Got 1 sessions for ...
2026-05-05 17:17:40.075 [info] Getting sessions for read:user,repo,user:email,workflow...
2026-05-05 17:17:40.075 [info] Got 1 sessions for read:user,repo,user:email,workflow...
2026-05-05 17:17:40.191 [info] Getting sessions for all scopes...
2026-05-05 17:17:40.191 [info] Got 1 sessions for ...
2026-05-05 17:17:40.195 [info] Getting sessions for read:user,repo,user:email,workflow...
2026-05-05 17:17:40.195 [info] Got 1 sessions for read:user,repo,user:email,workflow...
2026-05-05 17:18:26.310 [info] Getting sessions for all scopes...
2026-05-05 17:18:26.310 [info] Got 1 sessions for ...
2026-05-05 17:18:26.312 [info] Getting sessions for all scopes...
2026-05-05 17:18:26.312 [info] Got 1 sessions for ...
2026-05-05 17:18:42.532 [info] Getting sessions for all scopes...
2026-05-05 17:18:42.532 [info] Got 1 sessions for ...
2026-05-05 17:18:42.534 [info] Getting sessions for all scopes...
2026-05-05 17:18:42.534 [info] Got 1 sessions for ...
2026-05-05 17:27:13.881 [info] Getting sessions for all scopes...
2026-05-05 17:27:13.881 [info] Got 1 sessions for ...
2026-05-05 17:27:13.883 [info] Getting sessions for all scopes...
2026-05-05 17:27:13.883 [info] Got 1 sessions for ...
2026-05-05 17:27:14.772 [info] Getting sessions for all scopes...
2026-05-05 17:27:14.772 [info] Got 1 sessions for ...
2026-05-05 17:27:14.773 [info] Getting sessions for all scopes...
2026-05-05 17:27:14.773 [info] Got 1 sessions for ...
