2026-05-05 14:24:42.705 [info] Reading sessions from keychain...
2026-05-05 14:24:42.705 [info] Getting sessions for all scopes...
2026-05-05 14:24:42.739 [info] Got stored sessions!
2026-05-05 14:24:42.739 [info] Got 1 verified sessions.
2026-05-05 14:24:42.739 [info] Got 1 sessions for ...
2026-05-05 14:24:42.739 [info] Getting sessions for all scopes...
2026-05-05 14:24:42.739 [info] Got 1 sessions for ...
2026-05-05 14:24:42.808 [info] Getting sessions for all scopes...
2026-05-05 14:24:42.808 [info] Got 1 sessions for ...
2026-05-05 14:24:42.820 [info] Getting sessions for all scopes...
2026-05-05 14:24:42.820 [info] Got 1 sessions for ...
2026-05-05 14:24:44.726 [info] Getting sessions for all scopes...
2026-05-05 14:24:44.726 [info] Got 1 sessions for ...
2026-05-05 14:24:44.854 [info] Getting sessions for all scopes...
2026-05-05 14:24:44.854 [info] Got 1 sessions for ...
2026-05-05 14:24:44.854 [info] Getting sessions for all scopes...
2026-05-05 14:24:44.854 [info] Got 1 sessions for ...
2026-05-05 14:24:45.018 [info] Getting sessions for all scopes...
2026-05-05 14:24:45.018 [info] Got 1 sessions for ...
2026-05-05 14:24:45.050 [info] Getting sessions for read:user,repo,user:email,workflow...
2026-05-05 14:24:45.050 [info] Got 1 sessions for read:user,repo,user:email,workflow...
2026-05-05 14:24:45.830 [info] Getting sessions for all scopes...
2026-05-05 14:24:45.830 [info] Got 1 sessions for ...
2026-05-05 14:24:45.830 [info] Getting sessions for all scopes...
2026-05-05 14:24:45.830 [info] Got 1 sessions for ...
2026-05-05 14:24:45.850 [info] Getting sessions for read:user,repo,user:email,workflow...
2026-05-05 14:24:45.850 [info] Got 1 sessions for read:user,repo,user:email,workflow...
2026-05-05 14:24:45.975 [info] Getting sessions for all scopes...
2026-05-05 14:24:45.975 [info] Got 1 sessions for ...
2026-05-05 14:24:45.977 [info] Getting sessions for all scopes...
2026-05-05 14:24:45.977 [info] Got 1 sessions for ...
2026-05-05 14:24:46.006 [info] Getting sessions for read:user,repo,user:email,workflow...
2026-05-05 14:24:46.006 [info] Got 1 sessions for read:user,repo,user:email,workflow...
2026-05-05 14:24:46.069 [info] Getting sessions for all scopes...
2026-05-05 14:24:46.069 [info] Got 1 sessions for ...
2026-05-05 14:24:46.070 [info] Getting sessions for all scopes...
2026-05-05 14:24:46.070 [info] Got 1 sessions for ...
2026-05-05 14:24:46.184 [info] Getting sessions for all scopes...
2026-05-05 14:24:46.184 [info] Got 1 sessions for ...
2026-05-05 14:24:46.185 [info] Getting sessions for read:user,repo,user:email,workflow...
2026-05-05 14:24:46.185 [info] Got 1 sessions for read:user,repo,user:email,workflow...
2026-05-05 14:24:46.416 [info] Getting sessions for all scopes...
2026-05-05 14:24:46.416 [info] Got 1 sessions for ...
2026-05-05 14:24:46.417 [info] Getting sessions for read:user,repo,user:email,workflow...
2026-05-05 14:24:46.417 [info] Got 1 sessions for read:user,repo,user:email,workflow...
2026-05-05 14:25:10.755 [info] Getting sessions for all scopes...
2026-05-05 14:25:10.755 [info] Got 1 sessions for ...
2026-05-05 14:25:10.756 [info] Getting sessions for all scopes...
2026-05-05 14:25:10.756 [info] Got 1 sessions for ...
2026-05-05 14:25:12.162 [info] Getting sessions for all scopes...
2026-05-05 14:25:12.162 [info] Got 1 sessions for ...
2026-05-05 14:25:12.163 [info] Getting sessions for all scopes...
2026-05-05 14:25:12.163 [info] Got 1 sessions for ...
