2026-05-07 09:10:14.238 [info] [main] Log level: Info
2026-05-07 09:10:14.238 [info] [main] Validating found git in: "git"
2026-05-07 09:10:14.238 [info] [main] Using git "2.54.0" from "git"
2026-05-07 09:10:14.238 [info] [Model][doInitialScan] Initial repository scan started
2026-05-07 09:10:14.238 [info] > git rev-parse --show-toplevel [11ms]
2026-05-07 09:10:14.238 [info] > git rev-parse --git-dir --git-common-dir --show-superproject-working-tree [2ms]
2026-05-07 09:10:14.238 [info] [Model][openRepository] Opened repository (path): /home/mika/RustroverProjects/Clipboard-Manager
2026-05-07 09:10:14.238 [info] [Model][openRepository] Opened repository (real path): /home/mika/RustroverProjects/Clipboard-Manager
2026-05-07 09:10:14.238 [info] [Model][openRepository] Opened repository (kind): repository
2026-05-07 09:10:14.238 [info] > git rev-parse --show-toplevel [18ms]
2026-05-07 09:10:14.238 [info] > git config --get commit.template [25ms]
2026-05-07 09:10:14.238 [info] > git config --get --local core.virtualfilesystem [32ms]
2026-05-07 09:10:14.238 [warning] [Git][config] git config failed: Failed to execute git
2026-05-07 09:10:14.239 [info] > git rev-parse --show-toplevel [11ms]
2026-05-07 09:10:14.397 [info] > git for-each-ref --format=%(refname)%00%(upstream:short)%00%(objectname)%00%(upstream:track)%00%(upstream:remotename)%00%(upstream:remoteref) refs/heads/master refs/remotes/master [160ms]
2026-05-07 09:10:14.432 [info] > git rev-parse --show-toplevel [36ms]
2026-05-07 09:10:14.460 [info] > git rev-parse --show-toplevel [16ms]
2026-05-07 09:10:14.461 [info] [Model][doInitialScan] Initial repository scan completed - repositories (1), closed repositories (0), parent repositories (0), unsafe repositories (0)
2026-05-07 09:10:14.466 [info] > git status -z -uall [13ms]
2026-05-07 09:10:14.466 [info] > git for-each-ref --sort -committerdate --format %(refname)%00%(objectname)%00%(*objectname) [7ms]
2026-05-07 09:10:14.512 [info] > git for-each-ref --format=%(refname)%00%(upstream:short)%00%(objectname)%00%(upstream:track)%00%(upstream:remotename)%00%(upstream:remoteref) refs/heads/master refs/remotes/master [17ms]
2026-05-07 09:10:14.520 [info] > git config --get commit.template [8ms]
2026-05-07 09:10:14.532 [info] > git config --get --local branch.master.vscode-merge-base [14ms]
2026-05-07 09:10:14.532 [warning] [Git][config] git config failed: Failed to execute git
2026-05-07 09:10:14.546 [info] > git check-ignore -v -z --stdin [15ms]
2026-05-07 09:10:14.551 [info] > git for-each-ref --format=%(refname)%00%(upstream:short)%00%(objectname)%00%(upstream:track)%00%(upstream:remotename)%00%(upstream:remoteref) refs/heads/master refs/remotes/master [7ms]
2026-05-07 09:10:14.552 [info] > git reflog master --grep-reflog=branch: Created from *. [14ms]
2026-05-07 09:10:14.575 [info] > git show --textconv :src/main.rs [9ms]
2026-05-07 09:10:14.575 [info] > git ls-files --stage -- src/main.rs [3ms]
2026-05-07 09:10:14.582 [info] > git symbolic-ref --short refs/remotes/origin/HEAD [25ms]
2026-05-07 09:10:14.582 [info] fatal: ref refs/remotes/origin/HEAD is not a symbolic ref
2026-05-07 09:10:14.582 [warning] [Repository][getDefaultBranch] Failed to get default branch details: Failed to execute git.
2026-05-07 09:10:14.593 [info] > git merge-base refs/heads/master refs/remotes/origin/main [4ms]
2026-05-07 09:10:14.600 [info] > git cat-file -s b2ad4f7444b23dc28c48e1cf19e6860f329c0e18 [19ms]
2026-05-07 09:10:14.602 [info] > git diff --raw --numstat --diff-filter=ADMR -z --find-renames=50% 943766c962c4b025e19db9a9c0f6ee56cfb85721...refs/remotes/origin/main -- [2ms]
2026-05-07 09:10:14.618 [info] > git status -z -uall [10ms]
2026-05-07 09:10:14.620 [info] > git for-each-ref --sort -committerdate --format %(refname)%00%(objectname)%00%(*objectname) [3ms]
2026-05-07 09:10:14.645 [info] > git blame --root --incremental 943766c962c4b025e19db9a9c0f6ee56cfb85721 -- src/main.rs [7ms]
2026-05-07 09:10:14.729 [info] > git check-ignore -v -z --stdin [2ms]
2026-05-07 09:10:14.832 [info] > git check-ignore -v -z --stdin [2ms]
2026-05-07 09:10:14.977 [info] > git config --get commit.template [23ms]
2026-05-07 09:10:14.996 [info] > git for-each-ref --format=%(refname)%00%(upstream:short)%00%(objectname)%00%(upstream:track)%00%(upstream:remotename)%00%(upstream:remoteref) refs/heads/master refs/remotes/master [4ms]
2026-05-07 09:10:15.019 [info] > git status -z -uall [17ms]
2026-05-07 09:10:15.027 [info] > git for-each-ref --sort -committerdate --format %(refname)%00%(objectname)%00%(*objectname) [18ms]
2026-05-07 09:10:23.032 [info] > git rev-parse --show-toplevel [1ms]
2026-05-07 09:10:23.032 [info] fatal: not a git repository (or any parent up to mount point /)
Stopping at filesystem boundary (GIT_DISCOVERY_ACROSS_FILESYSTEM not set).
2026-05-07 09:13:36.759 [info] > git rev-parse --show-toplevel [1ms]
2026-05-07 09:13:36.759 [info] fatal: not a git repository (or any parent up to mount point /)
Stopping at filesystem boundary (GIT_DISCOVERY_ACROSS_FILESYSTEM not set).
2026-05-07 09:13:47.137 [info] > git rev-parse --show-toplevel [1ms]
2026-05-07 09:13:47.138 [info] fatal: not a git repository (or any parent up to mount point /)
Stopping at filesystem boundary (GIT_DISCOVERY_ACROSS_FILESYSTEM not set).
2026-05-07 09:17:24.407 [info] > git rev-parse --show-toplevel [4ms]
2026-05-07 09:17:24.407 [info] fatal: not a git repository (or any parent up to mount point /)
Stopping at filesystem boundary (GIT_DISCOVERY_ACROSS_FILESYSTEM not set).
2026-05-07 09:19:42.711 [info] > git rev-parse --show-toplevel [1ms]
2026-05-07 09:19:42.711 [info] fatal: not a git repository (or any parent up to mount point /)
Stopping at filesystem boundary (GIT_DISCOVERY_ACROSS_FILESYSTEM not set).
