2026-04-14 17:49:54.520 [info] [main] Log level: Info
2026-04-14 17:49:54.520 [info] [main] Validating found git in: "git"
2026-04-14 17:49:54.520 [info] [main] Using git "2.53.0" from "git"
2026-04-14 17:49:54.520 [info] [Model][doInitialScan] Initial repository scan started
2026-04-14 17:49:54.520 [info] > git rev-parse --show-toplevel [11ms]
2026-04-14 17:49:54.520 [info] fatal: not a git repository (or any of the parent directories): .git
2026-04-14 17:49:54.520 [info] > git rev-parse --show-toplevel [1ms]
2026-04-14 17:49:54.520 [info] fatal: not a git repository (or any of the parent directories): .git
2026-04-14 17:49:54.520 [info] > git rev-parse --show-toplevel [1ms]
2026-04-14 17:49:54.520 [info] fatal: not a git repository (or any of the parent directories): .git
2026-04-14 17:49:54.520 [info] > git rev-parse --show-toplevel [1ms]
2026-04-14 17:49:54.520 [info] fatal: not a git repository (or any of the parent directories): .git
2026-04-14 17:49:54.520 [info] > git rev-parse --show-toplevel [1ms]
2026-04-14 17:49:54.520 [info] fatal: not a git repository (or any of the parent directories): .git
2026-04-14 17:49:54.520 [info] > git rev-parse --show-toplevel [1ms]
2026-04-14 17:49:54.520 [info] fatal: not a git repository (or any of the parent directories): .git
2026-04-14 17:49:54.520 [info] > git rev-parse --show-toplevel [2ms]
2026-04-14 17:49:54.520 [info] fatal: not a git repository (or any of the parent directories): .git
2026-04-14 17:49:54.520 [info] [Model][doInitialScan] Initial repository scan completed - repositories (0), closed repositories (0), parent repositories (0), unsafe repositories (0)
2026-04-14 17:49:54.520 [info] > git rev-parse --show-toplevel [1ms]
2026-04-14 17:49:54.520 [info] fatal: not a git repository (or any of the parent directories): .git
2026-04-14 17:49:54.520 [info] > git rev-parse --show-toplevel [1ms]
2026-04-14 17:49:54.520 [info] fatal: not a git repository (or any of the parent directories): .git
2026-04-14 17:49:54.725 [info] > git rev-parse --show-toplevel [1ms]
2026-04-14 17:49:54.725 [info] fatal: not a git repository (or any of the parent directories): .git
2026-04-14 17:49:54.811 [info] > git rev-parse --show-toplevel [1ms]
2026-04-14 17:49:54.811 [info] fatal: not a git repository (or any of the parent directories): .git
2026-04-14 17:49:55.528 [info] > git rev-parse --show-toplevel [1ms]
2026-04-14 17:49:55.528 [info] fatal: not a git repository (or any of the parent directories): .git
