2026-05-02 20:36:08.692 [info] Reading sessions from keychain...
2026-05-02 20:36:08.692 [info] Getting sessions for all scopes...
2026-05-02 20:36:08.707 [info] Got stored sessions!
2026-05-02 20:36:08.707 [info] Got 1 verified sessions.
2026-05-02 20:36:08.707 [info] Got 1 sessions for ...
2026-05-02 20:36:08.708 [info] Getting sessions for all scopes...
2026-05-02 20:36:08.708 [info] Got 1 sessions for ...
2026-05-02 20:36:08.708 [info] Getting sessions for all scopes...
2026-05-02 20:36:08.708 [info] Got 1 sessions for ...
2026-05-02 20:36:08.713 [info] Getting sessions for all scopes...
2026-05-02 20:36:08.713 [info] Got 1 sessions for ...
2026-05-02 20:36:08.790 [info] Getting sessions for all scopes...
2026-05-02 20:36:08.790 [info] Got 1 sessions for ...
2026-05-02 20:36:10.587 [info] Getting sessions for all scopes...
2026-05-02 20:36:10.587 [info] Got 1 sessions for ...
2026-05-02 20:36:10.702 [info] Getting sessions for all scopes...
2026-05-02 20:36:10.702 [info] Got 1 sessions for ...
2026-05-02 20:36:10.702 [info] Getting sessions for all scopes...
2026-05-02 20:36:10.702 [info] Got 1 sessions for ...
2026-05-02 20:36:10.828 [info] Getting sessions for all scopes...
2026-05-02 20:36:10.828 [info] Got 1 sessions for ...
2026-05-02 20:36:10.850 [info] Getting sessions for read:user,repo,user:email,workflow...
2026-05-02 20:36:10.851 [info] Got 1 sessions for read:user,repo,user:email,workflow...
2026-05-02 20:36:11.297 [info] Getting sessions for all scopes...
2026-05-02 20:36:11.297 [info] Got 1 sessions for ...
2026-05-02 20:36:11.297 [info] Getting sessions for all scopes...
2026-05-02 20:36:11.297 [info] Got 1 sessions for ...
2026-05-02 20:36:11.298 [info] Getting sessions for read:user,repo,user:email,workflow...
2026-05-02 20:36:11.299 [info] Got 1 sessions for read:user,repo,user:email,workflow...
2026-05-02 20:36:11.430 [info] Getting sessions for all scopes...
2026-05-02 20:36:11.430 [info] Got 1 sessions for ...
2026-05-02 20:36:11.432 [info] Getting sessions for all scopes...
2026-05-02 20:36:11.432 [info] Got 1 sessions for ...
2026-05-02 20:36:11.434 [info] Getting sessions for read:user,repo,user:email,workflow...
2026-05-02 20:36:11.434 [info] Got 1 sessions for read:user,repo,user:email,workflow...
2026-05-02 20:36:11.502 [info] Getting sessions for all scopes...
2026-05-02 20:36:11.502 [info] Got 1 sessions for ...
2026-05-02 20:36:11.502 [info] Getting sessions for all scopes...
2026-05-02 20:36:11.502 [info] Got 1 sessions for ...
2026-05-02 20:36:11.590 [info] Getting sessions for all scopes...
2026-05-02 20:36:11.590 [info] Got 1 sessions for ...
2026-05-02 20:36:11.592 [info] Getting sessions for read:user,repo,user:email,workflow...
2026-05-02 20:36:11.592 [info] Got 1 sessions for read:user,repo,user:email,workflow...
2026-05-02 20:36:11.617 [info] Getting sessions for all scopes...
2026-05-02 20:36:11.617 [info] Got 1 sessions for ...
2026-05-02 20:36:11.618 [info] Getting sessions for read:user,repo,user:email,workflow...
2026-05-02 20:36:11.618 [info] Got 1 sessions for read:user,repo,user:email,workflow...
2026-05-02 20:36:11.864 [info] Getting sessions for all scopes...
2026-05-02 20:36:11.864 [info] Got 1 sessions for ...
2026-05-02 20:36:11.866 [info] Getting sessions for read:user,repo,user:email,workflow...
2026-05-02 20:36:11.866 [info] Got 1 sessions for read:user,repo,user:email,workflow...
2026-05-02 20:36:16.070 [info] Getting sessions for all scopes...
2026-05-02 20:36:16.070 [info] Got 1 sessions for ...
2026-05-02 20:36:16.071 [info] Getting sessions for all scopes...
2026-05-02 20:36:16.071 [info] Got 1 sessions for ...
2026-05-02 20:36:20.563 [info] Getting sessions for all scopes...
2026-05-02 20:36:20.563 [info] Got 1 sessions for ...
2026-05-02 20:36:20.564 [info] Getting sessions for all scopes...
2026-05-02 20:36:20.564 [info] Got 1 sessions for ...
