2026-05-04 09:53:22.669 [info] Reading sessions from keychain...
2026-05-04 09:53:22.669 [info] Getting sessions for all scopes...
2026-05-04 09:53:22.689 [info] Got stored sessions!
2026-05-04 09:53:22.689 [info] Got 1 verified sessions.
2026-05-04 09:53:22.689 [info] Got 1 sessions for ...
2026-05-04 09:53:22.689 [info] Getting sessions for all scopes...
2026-05-04 09:53:22.689 [info] Got 1 sessions for ...
2026-05-04 09:53:22.692 [info] Getting sessions for all scopes...
2026-05-04 09:53:22.692 [info] Got 1 sessions for ...
2026-05-04 09:53:22.801 [info] Getting sessions for all scopes...
2026-05-04 09:53:22.801 [info] Got 1 sessions for ...
2026-05-04 09:53:24.845 [info] Getting sessions for all scopes...
2026-05-04 09:53:24.845 [info] Got 1 sessions for ...
2026-05-04 09:53:24.981 [info] Getting sessions for all scopes...
2026-05-04 09:53:24.982 [info] Got 1 sessions for ...
2026-05-04 09:53:24.982 [info] Getting sessions for all scopes...
2026-05-04 09:53:24.982 [info] Got 1 sessions for ...
2026-05-04 09:53:25.123 [info] Getting sessions for all scopes...
2026-05-04 09:53:25.123 [info] Got 1 sessions for ...
2026-05-04 09:53:25.169 [info] Getting sessions for read:user,repo,user:email,workflow...
2026-05-04 09:53:25.169 [info] Got 1 sessions for read:user,repo,user:email,workflow...
2026-05-04 09:53:25.725 [info] Getting sessions for all scopes...
2026-05-04 09:53:25.725 [info] Got 1 sessions for ...
2026-05-04 09:53:25.726 [info] Getting sessions for read:user,repo,user:email,workflow...
2026-05-04 09:53:25.726 [info] Got 1 sessions for read:user,repo,user:email,workflow...
2026-05-04 09:53:25.794 [info] Getting sessions for all scopes...
2026-05-04 09:53:25.794 [info] Got 1 sessions for ...
2026-05-04 09:53:25.794 [info] Getting sessions for all scopes...
2026-05-04 09:53:25.794 [info] Got 1 sessions for ...
2026-05-04 09:53:25.795 [info] Getting sessions for read:user,repo,user:email,workflow...
2026-05-04 09:53:25.795 [info] Got 1 sessions for read:user,repo,user:email,workflow...
2026-05-04 09:53:25.907 [info] Getting sessions for all scopes...
2026-05-04 09:53:25.907 [info] Got 1 sessions for ...
2026-05-04 09:53:25.909 [info] Getting sessions for all scopes...
2026-05-04 09:53:25.909 [info] Got 1 sessions for ...
2026-05-04 09:53:25.924 [info] Getting sessions for read:user,repo,user:email,workflow...
2026-05-04 09:53:25.924 [info] Got 1 sessions for read:user,repo,user:email,workflow...
2026-05-04 09:53:25.985 [info] Getting sessions for all scopes...
2026-05-04 09:53:25.985 [info] Got 1 sessions for ...
2026-05-04 09:53:25.986 [info] Getting sessions for all scopes...
2026-05-04 09:53:25.986 [info] Got 1 sessions for ...
2026-05-04 09:53:26.145 [info] Getting sessions for all scopes...
2026-05-04 09:53:26.145 [info] Got 1 sessions for ...
2026-05-04 09:53:26.146 [info] Getting sessions for read:user,repo,user:email,workflow...
2026-05-04 09:53:26.146 [info] Got 1 sessions for read:user,repo,user:email,workflow...
2026-05-04 09:53:26.150 [info] Getting sessions for all scopes...
2026-05-04 09:53:26.150 [info] Got 1 sessions for ...
2026-05-04 09:53:26.151 [info] Getting sessions for read:user,repo,user:email,workflow...
2026-05-04 09:53:26.151 [info] Got 1 sessions for read:user,repo,user:email,workflow...
2026-05-04 09:53:26.348 [info] Getting sessions for all scopes...
2026-05-04 09:53:26.348 [info] Got 1 sessions for ...
2026-05-04 09:53:26.350 [info] Getting sessions for read:user,repo,user:email,workflow...
2026-05-04 09:53:26.350 [info] Got 1 sessions for read:user,repo,user:email,workflow...
2026-05-04 09:53:35.952 [info] Getting sessions for all scopes...
2026-05-04 09:53:35.952 [info] Got 1 sessions for ...
2026-05-04 09:53:35.953 [info] Getting sessions for all scopes...
2026-05-04 09:53:35.953 [info] Got 1 sessions for ...
2026-05-04 09:53:43.225 [info] Getting sessions for all scopes...
2026-05-04 09:53:43.225 [info] Got 1 sessions for ...
2026-05-04 09:53:43.226 [info] Getting sessions for all scopes...
2026-05-04 09:53:43.226 [info] Got 1 sessions for ...
