2026-05-06 09:52:58.387 [info] Reading sessions from keychain...
2026-05-06 09:52:58.387 [info] Getting sessions for all scopes...
2026-05-06 09:52:58.489 [info] Got stored sessions!
2026-05-06 09:52:58.489 [info] Got 1 verified sessions.
2026-05-06 09:52:58.489 [info] Got 1 sessions for ...
2026-05-06 09:52:58.490 [info] Getting sessions for all scopes...
2026-05-06 09:52:58.490 [info] Got 1 sessions for ...
2026-05-06 09:52:58.494 [info] Getting sessions for all scopes...
2026-05-06 09:52:58.494 [info] Got 1 sessions for ...
2026-05-06 09:52:58.632 [info] Getting sessions for all scopes...
2026-05-06 09:52:58.632 [info] Got 1 sessions for ...
2026-05-06 09:53:00.403 [info] Getting sessions for all scopes...
2026-05-06 09:53:00.403 [info] Got 1 sessions for ...
2026-05-06 09:53:00.519 [info] Getting sessions for all scopes...
2026-05-06 09:53:00.519 [info] Got 1 sessions for ...
2026-05-06 09:53:00.519 [info] Getting sessions for all scopes...
2026-05-06 09:53:00.519 [info] Got 1 sessions for ...
2026-05-06 09:53:00.660 [info] Getting sessions for all scopes...
2026-05-06 09:53:00.660 [info] Got 1 sessions for ...
2026-05-06 09:53:00.698 [info] Getting sessions for read:user,repo,user:email,workflow...
2026-05-06 09:53:00.698 [info] Got 1 sessions for read:user,repo,user:email,workflow...
2026-05-06 09:53:01.380 [info] Getting sessions for all scopes...
2026-05-06 09:53:01.380 [info] Got 1 sessions for ...
2026-05-06 09:53:01.380 [info] Getting sessions for all scopes...
2026-05-06 09:53:01.380 [info] Got 1 sessions for ...
2026-05-06 09:53:01.382 [info] Getting sessions for read:user,repo,user:email,workflow...
2026-05-06 09:53:01.382 [info] Got 1 sessions for read:user,repo,user:email,workflow...
2026-05-06 09:53:01.489 [info] Getting sessions for all scopes...
2026-05-06 09:53:01.489 [info] Got 1 sessions for ...
2026-05-06 09:53:01.490 [info] Getting sessions for all scopes...
2026-05-06 09:53:01.490 [info] Got 1 sessions for ...
2026-05-06 09:53:01.504 [info] Getting sessions for read:user,repo,user:email,workflow...
2026-05-06 09:53:01.504 [info] Got 1 sessions for read:user,repo,user:email,workflow...
2026-05-06 09:53:01.565 [info] Getting sessions for all scopes...
2026-05-06 09:53:01.565 [info] Got 1 sessions for ...
2026-05-06 09:53:01.566 [info] Getting sessions for all scopes...
2026-05-06 09:53:01.566 [info] Got 1 sessions for ...
2026-05-06 09:53:01.736 [info] Getting sessions for all scopes...
2026-05-06 09:53:01.736 [info] Got 1 sessions for ...
2026-05-06 09:53:01.747 [info] Getting sessions for read:user,repo,user:email,workflow...
2026-05-06 09:53:01.747 [info] Got 1 sessions for read:user,repo,user:email,workflow...
2026-05-06 09:53:02.007 [info] Getting sessions for all scopes...
2026-05-06 09:53:02.007 [info] Got 1 sessions for ...
2026-05-06 09:53:02.010 [info] Getting sessions for read:user,repo,user:email,workflow...
2026-05-06 09:53:02.010 [info] Got 1 sessions for read:user,repo,user:email,workflow...
2026-05-06 09:53:03.077 [info] Getting sessions for all scopes...
2026-05-06 09:53:03.077 [info] Got 1 sessions for ...
2026-05-06 09:53:03.078 [info] Getting sessions for all scopes...
2026-05-06 09:53:03.078 [info] Got 1 sessions for ...
2026-05-06 09:53:40.767 [info] Getting sessions for all scopes...
2026-05-06 09:53:40.767 [info] Got 1 sessions for ...
2026-05-06 09:53:40.768 [info] Getting sessions for all scopes...
2026-05-06 09:53:40.768 [info] Got 1 sessions for ...
2026-05-06 09:54:30.415 [info] Getting sessions for all scopes...
2026-05-06 09:54:30.416 [info] Got 1 sessions for ...
2026-05-06 09:54:30.416 [info] Getting sessions for all scopes...
2026-05-06 09:54:30.416 [info] Got 1 sessions for ...
2026-05-06 09:54:35.248 [info] Getting sessions for all scopes...
2026-05-06 09:54:35.248 [info] Got 1 sessions for ...
2026-05-06 09:54:35.248 [info] Getting sessions for all scopes...
2026-05-06 09:54:35.248 [info] Got 1 sessions for ...
2026-05-06 09:54:36.006 [info] Getting sessions for all scopes...
2026-05-06 09:54:36.006 [info] Got 1 sessions for ...
2026-05-06 09:54:36.007 [info] Getting sessions for all scopes...
2026-05-06 09:54:36.007 [info] Got 1 sessions for ...
2026-05-06 09:54:39.387 [info] Getting sessions for all scopes...
2026-05-06 09:54:39.387 [info] Got 1 sessions for ...
2026-05-06 09:54:39.388 [info] Getting sessions for all scopes...
2026-05-06 09:54:39.388 [info] Got 1 sessions for ...
