2026-04-15 18:36:19 Loaded main app package /usr/lib/obsidian/obsidian.asar
2026-04-15 18:36:19 Checking for update using Github
2026-04-15 18:36:19 Success.
2026-04-15 18:36:19 Latest version is 1.12.7
2026-04-15 18:36:19 App is up to date.
2026-04-16 00:28:48 Checking for update using Github
2026-04-16 00:28:49 Success.
2026-04-16 00:28:49 Latest version is 1.12.7
2026-04-16 00:28:49 App is up to date.
2026-04-16 13:16:24 Checking for update using Github
2026-04-16 13:16:25 Success.
2026-04-16 13:16:25 Latest version is 1.12.7
2026-04-16 13:16:25 App is up to date.
2026-04-17 18:52:21 Loaded main app package /usr/lib/obsidian/obsidian.asar
2026-04-17 18:52:21 Checking for update using Github
2026-04-17 18:52:21 Success.
2026-04-17 18:52:21 Latest version is 1.12.7
2026-04-17 18:52:21 App is up to date.
2026-04-27 01:11:20 Loaded main app package /usr/lib/obsidian/obsidian.asar
2026-04-27 01:11:20 Checking for update using Github
2026-04-27 01:11:20 Success.
2026-04-27 01:11:20 Latest version is 1.12.7
2026-04-27 01:11:20 App is up to date.
2026-04-29 18:24:37 Loaded main app package /usr/lib/obsidian/obsidian.asar
2026-04-29 18:24:38 Checking for update using Github
2026-04-29 18:24:38 Success.
2026-04-29 18:24:38 Latest version is 1.12.7
2026-04-29 18:24:38 App is up to date.
