2026-05-06 12:15:18.456 [info] Reading sessions from keychain...
2026-05-06 12:15:18.456 [info] Getting sessions for all scopes...
2026-05-06 12:15:18.483 [info] Got stored sessions!
2026-05-06 12:15:18.483 [info] Got 1 verified sessions.
2026-05-06 12:15:18.483 [info] Got 1 sessions for ...
2026-05-06 12:15:18.483 [info] Getting sessions for all scopes...
2026-05-06 12:15:18.483 [info] Got 1 sessions for ...
2026-05-06 12:15:18.546 [info] Getting sessions for all scopes...
2026-05-06 12:15:18.546 [info] Got 1 sessions for ...
2026-05-06 12:15:18.613 [info] Getting sessions for all scopes...
2026-05-06 12:15:18.613 [info] Got 1 sessions for ...
2026-05-06 12:15:20.419 [info] Getting sessions for all scopes...
2026-05-06 12:15:20.419 [info] Got 1 sessions for ...
2026-05-06 12:15:20.539 [info] Getting sessions for all scopes...
2026-05-06 12:15:20.539 [info] Got 1 sessions for ...
2026-05-06 12:15:20.539 [info] Getting sessions for all scopes...
2026-05-06 12:15:20.539 [info] Got 1 sessions for ...
2026-05-06 12:15:20.669 [info] Getting sessions for all scopes...
2026-05-06 12:15:20.669 [info] Got 1 sessions for ...
2026-05-06 12:15:20.692 [info] Getting sessions for read:user,repo,user:email,workflow...
2026-05-06 12:15:20.692 [info] Got 1 sessions for read:user,repo,user:email,workflow...
2026-05-06 12:15:21.148 [info] Getting sessions for all scopes...
2026-05-06 12:15:21.148 [info] Got 1 sessions for ...
2026-05-06 12:15:21.149 [info] Getting sessions for read:user,repo,user:email,workflow...
2026-05-06 12:15:21.149 [info] Got 1 sessions for read:user,repo,user:email,workflow...
2026-05-06 12:15:21.179 [info] Getting sessions for all scopes...
2026-05-06 12:15:21.179 [info] Got 1 sessions for ...
2026-05-06 12:15:21.179 [info] Getting sessions for all scopes...
2026-05-06 12:15:21.179 [info] Got 1 sessions for ...
2026-05-06 12:15:21.181 [info] Getting sessions for read:user,repo,user:email,workflow...
2026-05-06 12:15:21.181 [info] Got 1 sessions for read:user,repo,user:email,workflow...
2026-05-06 12:15:21.278 [info] Getting sessions for all scopes...
2026-05-06 12:15:21.278 [info] Got 1 sessions for ...
2026-05-06 12:15:21.279 [info] Getting sessions for all scopes...
2026-05-06 12:15:21.279 [info] Got 1 sessions for ...
2026-05-06 12:15:21.282 [info] Getting sessions for read:user,repo,user:email,workflow...
2026-05-06 12:15:21.282 [info] Got 1 sessions for read:user,repo,user:email,workflow...
2026-05-06 12:15:21.354 [info] Getting sessions for all scopes...
2026-05-06 12:15:21.354 [info] Got 1 sessions for ...
2026-05-06 12:15:21.355 [info] Getting sessions for all scopes...
2026-05-06 12:15:21.355 [info] Got 1 sessions for ...
2026-05-06 12:15:21.371 [info] Getting sessions for all scopes...
2026-05-06 12:15:21.371 [info] Got 1 sessions for ...
2026-05-06 12:15:21.372 [info] Getting sessions for read:user,repo,user:email,workflow...
2026-05-06 12:15:21.372 [info] Got 1 sessions for read:user,repo,user:email,workflow...
2026-05-06 12:15:21.477 [info] Getting sessions for all scopes...
2026-05-06 12:15:21.477 [info] Got 1 sessions for ...
2026-05-06 12:15:21.479 [info] Getting sessions for read:user,repo,user:email,workflow...
2026-05-06 12:15:21.479 [info] Got 1 sessions for read:user,repo,user:email,workflow...
2026-05-06 12:15:21.728 [info] Getting sessions for all scopes...
2026-05-06 12:15:21.728 [info] Got 1 sessions for ...
2026-05-06 12:15:21.729 [info] Getting sessions for read:user,repo,user:email,workflow...
2026-05-06 12:15:21.729 [info] Got 1 sessions for read:user,repo,user:email,workflow...
2026-05-06 12:15:34.943 [info] Reading sessions from keychain...
2026-05-06 12:15:34.943 [info] Getting sessions for all scopes...
2026-05-06 12:15:34.943 [info] Got stored sessions!
2026-05-06 12:15:34.943 [info] Got 1 verified sessions.
2026-05-06 12:15:34.943 [info] Got 1 sessions for ...
2026-05-06 12:15:34.943 [info] Getting sessions for all scopes...
2026-05-06 12:15:34.943 [info] Got 1 sessions for ...
2026-05-06 12:15:34.943 [info] Getting sessions for all scopes...
2026-05-06 12:15:34.943 [info] Got 1 sessions for ...
2026-05-06 12:15:34.943 [info] Getting sessions for all scopes...
2026-05-06 12:15:34.943 [info] Got 1 sessions for ...
2026-05-06 12:15:34.943 [info] Getting sessions for all scopes...
2026-05-06 12:15:34.943 [info] Got 1 sessions for ...
2026-05-06 12:15:34.943 [info] Getting sessions for all scopes...
2026-05-06 12:15:34.943 [info] Got 1 sessions for ...
2026-05-06 12:15:34.943 [info] Getting sessions for all scopes...
2026-05-06 12:15:34.943 [info] Got 1 sessions for ...
2026-05-06 12:15:34.943 [info] Getting sessions for all scopes...
2026-05-06 12:15:34.943 [info] Got 1 sessions for ...
2026-05-06 12:15:34.943 [info] Getting sessions for all scopes...
2026-05-06 12:15:34.943 [info] Got 1 sessions for ...
2026-05-06 12:15:34.983 [info] Getting sessions for read:user,repo,user:email,workflow...
2026-05-06 12:15:34.984 [info] Got 1 sessions for read:user,repo,user:email,workflow...
2026-05-06 12:15:35.329 [info] Getting sessions for all scopes...
2026-05-06 12:15:35.329 [info] Got 1 sessions for ...
2026-05-06 12:15:35.354 [info] Getting sessions for read:user,repo,user:email,workflow...
2026-05-06 12:15:35.355 [info] Got 1 sessions for read:user,repo,user:email,workflow...
2026-05-06 12:15:35.486 [info] Getting sessions for all scopes...
2026-05-06 12:15:35.486 [info] Got 1 sessions for ...
2026-05-06 12:15:35.487 [info] Getting sessions for all scopes...
2026-05-06 12:15:35.487 [info] Got 1 sessions for ...
2026-05-06 12:15:35.488 [info] Getting sessions for read:user,repo,user:email,workflow...
2026-05-06 12:15:35.488 [info] Got 1 sessions for read:user,repo,user:email,workflow...
2026-05-06 12:15:35.639 [info] Getting sessions for all scopes...
2026-05-06 12:15:35.639 [info] Got 1 sessions for ...
2026-05-06 12:15:35.640 [info] Getting sessions for all scopes...
2026-05-06 12:15:35.640 [info] Got 1 sessions for ...
2026-05-06 12:15:35.687 [info] Getting sessions for read:user,repo,user:email,workflow...
2026-05-06 12:15:35.687 [info] Got 1 sessions for read:user,repo,user:email,workflow...
2026-05-06 12:15:35.701 [info] Getting sessions for all scopes...
2026-05-06 12:15:35.701 [info] Got 1 sessions for ...
2026-05-06 12:15:35.705 [info] Getting sessions for all scopes...
2026-05-06 12:15:35.705 [info] Got 1 sessions for ...
2026-05-06 12:15:35.806 [info] Getting sessions for all scopes...
2026-05-06 12:15:35.806 [info] Got 1 sessions for ...
2026-05-06 12:15:35.807 [info] Getting sessions for read:user,repo,user:email,workflow...
2026-05-06 12:15:35.807 [info] Got 1 sessions for read:user,repo,user:email,workflow...
2026-05-06 12:15:35.929 [info] Getting sessions for all scopes...
2026-05-06 12:15:35.929 [info] Got 1 sessions for ...
2026-05-06 12:15:35.931 [info] Getting sessions for read:user,repo,user:email,workflow...
2026-05-06 12:15:35.931 [info] Got 1 sessions for read:user,repo,user:email,workflow...
2026-05-06 12:15:45.609 [info] Reading sessions from keychain...
2026-05-06 12:15:45.609 [info] Getting sessions for all scopes...
2026-05-06 12:15:45.609 [info] Got stored sessions!
2026-05-06 12:15:45.609 [info] Got 1 verified sessions.
2026-05-06 12:15:45.609 [info] Got 1 sessions for ...
2026-05-06 12:15:45.609 [info] Getting sessions for all scopes...
2026-05-06 12:15:45.609 [info] Got 1 sessions for ...
2026-05-06 12:15:45.609 [info] Getting sessions for all scopes...
2026-05-06 12:15:45.609 [info] Got 1 sessions for ...
2026-05-06 12:15:45.609 [info] Getting sessions for all scopes...
2026-05-06 12:15:45.609 [info] Got 1 sessions for ...
2026-05-06 12:15:45.609 [info] Getting sessions for all scopes...
2026-05-06 12:15:45.609 [info] Got 1 sessions for ...
2026-05-06 12:15:45.609 [info] Getting sessions for all scopes...
2026-05-06 12:15:45.609 [info] Got 1 sessions for ...
2026-05-06 12:15:45.609 [info] Getting sessions for all scopes...
2026-05-06 12:15:45.609 [info] Got 1 sessions for ...
2026-05-06 12:15:45.609 [info] Getting sessions for all scopes...
2026-05-06 12:15:45.609 [info] Got 1 sessions for ...
2026-05-06 12:15:45.788 [info] Getting sessions for read:user,repo,user:email,workflow...
2026-05-06 12:15:45.789 [info] Got 1 sessions for read:user,repo,user:email,workflow...
2026-05-06 12:15:45.975 [info] Getting sessions for all scopes...
2026-05-06 12:15:45.975 [info] Got 1 sessions for ...
2026-05-06 12:15:46.155 [info] Getting sessions for all scopes...
2026-05-06 12:15:46.155 [info] Got 1 sessions for ...
2026-05-06 12:15:46.155 [info] Getting sessions for read:user,repo,user:email,workflow...
2026-05-06 12:15:46.155 [info] Got 1 sessions for read:user,repo,user:email,workflow...
2026-05-06 12:15:46.255 [info] Getting sessions for read:user,repo,user:email,workflow...
2026-05-06 12:15:46.255 [info] Got 1 sessions for read:user,repo,user:email,workflow...
2026-05-06 12:15:46.459 [info] Getting sessions for all scopes...
2026-05-06 12:15:46.459 [info] Got 1 sessions for ...
2026-05-06 12:15:46.460 [info] Getting sessions for all scopes...
2026-05-06 12:15:46.460 [info] Got 1 sessions for ...
2026-05-06 12:15:46.461 [info] Getting sessions for read:user,repo,user:email,workflow...
2026-05-06 12:15:46.462 [info] Got 1 sessions for read:user,repo,user:email,workflow...
2026-05-06 12:15:46.631 [info] Getting sessions for all scopes...
2026-05-06 12:15:46.631 [info] Got 1 sessions for ...
2026-05-06 12:15:46.633 [info] Getting sessions for all scopes...
2026-05-06 12:15:46.633 [info] Got 1 sessions for ...
2026-05-06 12:15:46.669 [info] Getting sessions for all scopes...
2026-05-06 12:15:46.669 [info] Got 1 sessions for ...
2026-05-06 12:15:46.671 [info] Getting sessions for read:user,repo,user:email,workflow...
2026-05-06 12:15:46.671 [info] Got 1 sessions for read:user,repo,user:email,workflow...
2026-05-06 12:15:46.692 [info] Getting sessions for all scopes...
2026-05-06 12:15:46.692 [info] Got 1 sessions for ...
2026-05-06 12:15:46.903 [info] Getting sessions for all scopes...
2026-05-06 12:15:46.904 [info] Got 1 sessions for ...
2026-05-06 12:15:46.933 [info] Getting sessions for read:user,repo,user:email,workflow...
2026-05-06 12:15:46.933 [info] Got 1 sessions for read:user,repo,user:email,workflow...
2026-05-06 12:16:24.590 [info] Getting sessions for all scopes...
2026-05-06 12:16:24.590 [info] Got 1 sessions for ...
2026-05-06 12:16:24.592 [info] Getting sessions for all scopes...
2026-05-06 12:16:24.592 [info] Got 1 sessions for ...
2026-05-06 12:18:28.546 [info] Getting sessions for all scopes...
2026-05-06 12:18:28.546 [info] Got 1 sessions for ...
2026-05-06 12:18:28.547 [info] Getting sessions for all scopes...
2026-05-06 12:18:28.547 [info] Got 1 sessions for ...
2026-05-06 12:18:29.342 [info] Getting sessions for all scopes...
2026-05-06 12:18:29.342 [info] Got 1 sessions for ...
2026-05-06 12:18:29.343 [info] Getting sessions for read:user,repo,user:email,workflow...
2026-05-06 12:18:29.343 [info] Got 1 sessions for read:user,repo,user:email,workflow...
