2026-05-02 20:38:34.129 [info] Reading sessions from keychain...
2026-05-02 20:38:34.129 [info] Getting sessions for all scopes...
2026-05-02 20:38:34.203 [info] Got stored sessions!
2026-05-02 20:38:34.203 [info] Got 1 verified sessions.
2026-05-02 20:38:34.203 [info] Got 1 sessions for ...
2026-05-02 20:38:34.204 [info] Getting sessions for all scopes...
2026-05-02 20:38:34.204 [info] Got 1 sessions for ...
2026-05-02 20:38:34.267 [info] Getting sessions for all scopes...
2026-05-02 20:38:34.267 [info] Got 1 sessions for ...
2026-05-02 20:38:34.377 [info] Getting sessions for all scopes...
2026-05-02 20:38:34.377 [info] Got 1 sessions for ...
2026-05-02 20:38:36.085 [info] Getting sessions for all scopes...
2026-05-02 20:38:36.085 [info] Got 1 sessions for ...
2026-05-02 20:38:36.204 [info] Getting sessions for all scopes...
2026-05-02 20:38:36.204 [info] Got 1 sessions for ...
2026-05-02 20:38:36.204 [info] Getting sessions for all scopes...
2026-05-02 20:38:36.204 [info] Got 1 sessions for ...
2026-05-02 20:38:36.328 [info] Getting sessions for all scopes...
2026-05-02 20:38:36.328 [info] Got 1 sessions for ...
2026-05-02 20:38:36.351 [info] Getting sessions for read:user,repo,user:email,workflow...
2026-05-02 20:38:36.351 [info] Got 1 sessions for read:user,repo,user:email,workflow...
2026-05-02 20:38:36.769 [info] Getting sessions for all scopes...
2026-05-02 20:38:36.769 [info] Got 1 sessions for ...
2026-05-02 20:38:36.770 [info] Getting sessions for read:user,repo,user:email,workflow...
2026-05-02 20:38:36.770 [info] Got 1 sessions for read:user,repo,user:email,workflow...
2026-05-02 20:38:36.947 [info] Getting sessions for all scopes...
2026-05-02 20:38:36.947 [info] Got 1 sessions for ...
2026-05-02 20:38:36.948 [info] Getting sessions for all scopes...
2026-05-02 20:38:36.948 [info] Got 1 sessions for ...
2026-05-02 20:38:36.949 [info] Getting sessions for read:user,repo,user:email,workflow...
2026-05-02 20:38:36.949 [info] Got 1 sessions for read:user,repo,user:email,workflow...
2026-05-02 20:38:37.069 [info] Getting sessions for all scopes...
2026-05-02 20:38:37.069 [info] Got 1 sessions for ...
2026-05-02 20:38:37.071 [info] Getting sessions for all scopes...
2026-05-02 20:38:37.071 [info] Got 1 sessions for ...
2026-05-02 20:38:37.073 [info] Getting sessions for read:user,repo,user:email,workflow...
2026-05-02 20:38:37.073 [info] Got 1 sessions for read:user,repo,user:email,workflow...
2026-05-02 20:38:37.147 [info] Getting sessions for all scopes...
2026-05-02 20:38:37.147 [info] Got 1 sessions for ...
2026-05-02 20:38:37.148 [info] Getting sessions for all scopes...
2026-05-02 20:38:37.148 [info] Got 1 sessions for ...
2026-05-02 20:38:37.435 [info] Getting sessions for all scopes...
2026-05-02 20:38:37.435 [info] Got 1 sessions for ...
2026-05-02 20:38:37.438 [info] Getting sessions for read:user,repo,user:email,workflow...
2026-05-02 20:38:37.438 [info] Got 1 sessions for read:user,repo,user:email,workflow...
2026-05-02 20:38:37.522 [info] Getting sessions for all scopes...
2026-05-02 20:38:37.522 [info] Got 1 sessions for ...
2026-05-02 20:38:37.525 [info] Getting sessions for read:user,repo,user:email,workflow...
2026-05-02 20:38:37.526 [info] Got 1 sessions for read:user,repo,user:email,workflow...
2026-05-02 20:38:39.059 [info] Getting sessions for all scopes...
2026-05-02 20:38:39.059 [info] Got 1 sessions for ...
2026-05-02 20:38:39.059 [info] Getting sessions for all scopes...
2026-05-02 20:38:39.059 [info] Got 1 sessions for ...
2026-05-02 20:38:54.947 [info] Getting sessions for all scopes...
2026-05-02 20:38:54.947 [info] Got 1 sessions for ...
2026-05-02 20:38:54.948 [info] Getting sessions for all scopes...
2026-05-02 20:38:54.948 [info] Got 1 sessions for ...
2026-05-02 20:39:02.517 [info] Getting sessions for all scopes...
2026-05-02 20:39:02.518 [info] Got 1 sessions for ...
2026-05-02 20:39:02.518 [info] Getting sessions for all scopes...
2026-05-02 20:39:02.518 [info] Got 1 sessions for ...
2026-05-02 20:45:25.966 [info] Getting sessions for all scopes...
2026-05-02 20:45:25.966 [info] Got 1 sessions for ...
2026-05-02 20:45:25.967 [info] Getting sessions for all scopes...
2026-05-02 20:45:25.967 [info] Got 1 sessions for ...
2026-05-02 20:54:08.027 [info] Getting sessions for all scopes...
2026-05-02 20:54:08.027 [info] Got 1 sessions for ...
2026-05-02 20:54:08.027 [info] Getting sessions for all scopes...
2026-05-02 20:54:08.027 [info] Got 1 sessions for ...
2026-05-02 20:54:28.762 [info] Getting sessions for all scopes...
2026-05-02 20:54:28.762 [info] Got 1 sessions for ...
2026-05-02 20:54:28.763 [info] Getting sessions for all scopes...
2026-05-02 20:54:28.763 [info] Got 1 sessions for ...
2026-05-02 20:59:45.728 [info] Getting sessions for all scopes...
2026-05-02 20:59:45.728 [info] Got 1 sessions for ...
2026-05-02 20:59:45.729 [info] Getting sessions for all scopes...
2026-05-02 20:59:45.729 [info] Got 1 sessions for ...
2026-05-02 20:59:49.174 [info] Getting sessions for all scopes...
2026-05-02 20:59:49.174 [info] Got 1 sessions for ...
2026-05-02 20:59:49.174 [info] Getting sessions for all scopes...
2026-05-02 20:59:49.174 [info] Got 1 sessions for ...
2026-05-02 21:00:00.685 [info] Getting sessions for all scopes...
2026-05-02 21:00:00.685 [info] Got 1 sessions for ...
2026-05-02 21:00:00.685 [info] Getting sessions for all scopes...
2026-05-02 21:00:00.685 [info] Got 1 sessions for ...
2026-05-02 21:05:05.743 [info] Getting sessions for all scopes...
2026-05-02 21:05:05.743 [info] Got 1 sessions for ...
2026-05-02 21:05:05.744 [info] Getting sessions for all scopes...
2026-05-02 21:05:05.744 [info] Got 1 sessions for ...
